module gitlab.cept.gov.in/it-2.0/pension-api

go 1.25.0

require (
	github.com/Masterminds/squirrel v1.5.4
	github.com/jackc/pgx/v5 v5.7.6
	gitlab.cept.gov.in/it-2.0-common/api-config v0.0.17
	gitlab.cept.gov.in/it-2.0-common/n-api-bootstrapper v0.0.14
	gitlab.cept.gov.in/it-2.0-common/n-api-db v0.0.1
	gitlab.cept.gov.in/it-2.0-common/n-api-log v0.0.1
	gitlab.cept.gov.in/it-2.0-common/n-api-server v0.0.17
	gitlab.cept.gov.in/it-2.0-common/n-api-validation v0.0.3
	go.uber.org/fx v1.24.0
)
